kanairyoutarou@MacBook-Air1 git_challenge % git init
hint: Using 'master' as the name for the initial branch. This default branch name
hint: is subject to change. To configure the initial branch name to use in all
hint: of your new repositories, which will suppress this warning, call:
hint:
hint:   git config --global init.defaultBranch <name>
hint:
hint: Names commonly chosen instead of 'master' are 'main', 'trunk' and
hint: 'development'. The just-created branch can be renamed via this command:
hint:
hint:   git branch -m <name>
Initialized empty Git repository in /Users/kanairyoutarou/Desktop/git-kadai6/git_challenge/.git/
kanairyoutarou@MacBook-Air1 git_challenge % git add hello_world.txt
kanairyoutarou@MacBook-Air1 git_challenge % git commit -m "hello_world.txtを追加"         

[master (root-commit) a85ec18] hello_world.txtを追加
 1 file changed, 1 insertion(+)
 create mode 100644 hello_world.txt
kanairyoutarou@MacBook-Air1 git_challenge % git add hello_world.txt              
kanairyoutarou@MacBook-Air1 git_challenge % git commit -m "日本語訳を追加"       

[master 01362b3] 日本語訳を追加
 1 file changed, 2 insertions(+), 1 deletion(-)
kanairyoutarou@MacBook-Air1 git_challenge % git log --oneline
01362b3 (HEAD -> master) 日本語訳を追加
a85ec18 hello_world.txtを追加